============================= test session starts =============================
platform win32 -- Python 3.9.13, pytest-8.0.0, pluggy-1.6.0
rootdir: C:\dev\guild_queue_bot
configfile: pytest.ini
plugins: anyio-4.12.1, asyncio-0.23.5, cov-5.0.0
asyncio: mode=auto
collected 4 items

tests\test_ai_features.py ..FF                                           [100%]

================================== FAILURES ===================================
______________________________ test_cmd_summary _______________________________

sync_test_session = <sqlalchemy.orm.session.Session object at 0x000001EDC1924730>
mock_message = <AsyncMock spec='Message' id='2120666468016'>

    @pytest.mark.asyncio
    async def test_cmd_summary(sync_test_session, mock_message):
        """Test /summary command."""
        mock_message.chat.id = -100123  # Group chat ID
        mock_message.chat.type = "supergroup"
    
        # Setup Settings
        from database import Settings, set_setting
        # We can use the DB to set setting instead of mocking
        # But wait, set_setting commits? Yes.
        # sync_test_session is active.
    
        # We need to ensure get_setting uses the session.
        # handlers.ai_user imports get_setting from database.
        # database.get_setting uses database.session.
        # sync_test_session patches database.session, so it should work.
    
        s = Settings(key="summary_channel_id", value="-100999")
        sync_test_session.add(s)
        sync_test_session.commit()
    
        # Mock Logger logic
        # handlers.ai_user imports get_new_messages inside function
        # So we patch logic.chat_logger.get_new_messages
    
        mock_msg = MagicMock()
        mock_msg.user_name = "User1"
        mock_msg.text = "Hello"
    
        with patch("logic.chat_logger.get_new_messages", return_value=[mock_msg]), \
             patch("logic.chat_logger.mark_summary_done"), \
             patch("handlers.ai_user.bot") as mock_bot:
    
            mock_ai = AsyncMock()
            mock_ai.summarize_chat.return_value = "<b>Summary</b>"
    
            with patch("handlers.ai_user.get_ai_helper", return_value=mock_ai):
>               await ai_user.cmd_summary(mock_message)

tests\test_ai_features.py:155: 
_ _ _ _ _ _ _ _ _ _ _ _ _ _ _ _ _ _ _ _ _ _ _ _ _ _ _ _ _ _ _ _ _ _ _ _ _ _ _ _
handlers\ai_user.py:99: in cmd_summary
    db_msgs = get_new_messages(message.chat.id, message.message_thread_id)
_ _ _ _ _ _ _ _ _ _ _ _ _ _ _ _ _ _ _ _ _ _ _ _ _ _ _ _ _ _ _ _ _ _ _ _ _ _ _ _

self = <AsyncMock spec='Message' id='2120666468016'>, name = 'message_thread_id'

    def __getattr__(self, name):
        if name in {'_mock_methods', '_mock_unsafe'}:
            raise AttributeError(name)
        elif self._mock_methods is not None:
            if name not in self._mock_methods or name in _all_magics:
>               raise AttributeError("Mock object has no attribute %r" % name)
E               AttributeError: Mock object has no attribute 'message_thread_id'

C:\Users\Анастасия\AppData\Local\Programs\Python\Python39\lib\unittest\mock.py:630: AttributeError
_____________________________ test_add_topic_flow _____________________________

sync_test_session = <sqlalchemy.orm.session.Session object at 0x000001EDC1672610>
mock_message = <AsyncMock spec='Message' id='2120663641008'>
mock_state = <AsyncMock spec='FSMContext' id='2120667297392'>

    @pytest.mark.asyncio
    async def test_add_topic_flow(sync_test_session, mock_message, mock_state):
        """Test Adding a Topic via Admin Handler."""
        from database import User
    
        # 1. Setup Master User
        u = User(telegram_id=123456789, username="master", is_master=True)
        sync_test_session.add(u)
        sync_test_session.commit()
    
        # 2. Start adding topic
        mock_message.text = "/add_topic"
        await ai_admin.cmd_add_topic(mock_message, mock_state)
    
        assert mock_state.set_state.called
        assert mock_message.answer.called
    
        # 3. Provide Title
        mock_message.text = "New FAQ Topic"
        await ai_admin.process_topic(mock_message, mock_state)
    
        # 4. Provide Content
        mock_message.text = "This is the content."
        # We assume usage of internal state storage for messages list
        # The handler uses state.get_data().
        # Since mock_state is a Mock, get_data returns AsyncMock by default.
        # We need to simulate data flow.
    
        # process_content (message content)
        # It reads messages from state, appends, updates state.
        # We need to ensure state.get_data returns a dict that persists?
        # Or just mock the return for the *next* call.
    
        # Let's mock get_data to return empty list first
        mock_state.get_data.return_value = {'messages': [], 'topic_name': 'New FAQ Topic'}
    
>       await ai_admin.process_content(mock_message, mock_state)

tests\test_ai_features.py:199: 
_ _ _ _ _ _ _ _ _ _ _ _ _ _ _ _ _ _ _ _ _ _ _ _ _ _ _ _ _ _ _ _ _ _ _ _ _ _ _ _
handlers\ai_admin.py:136: in process_content
    if message.caption:
_ _ _ _ _ _ _ _ _ _ _ _ _ _ _ _ _ _ _ _ _ _ _ _ _ _ _ _ _ _ _ _ _ _ _ _ _ _ _ _

self = <AsyncMock spec='Message' id='2120663641008'>, name = 'caption'

    def __getattr__(self, name):
        if name in {'_mock_methods', '_mock_unsafe'}:
            raise AttributeError(name)
        elif self._mock_methods is not None:
            if name not in self._mock_methods or name in _all_magics:
>               raise AttributeError("Mock object has no attribute %r" % name)
E               AttributeError: Mock object has no attribute 'caption'

C:\Users\Анастасия\AppData\Local\Programs\Python\Python39\lib\unittest\mock.py:630: AttributeError
============================== warnings summary ===============================
tests/test_ai_features.py::test_rag_logic
  C:\dev\guild_queue_bot\venv\lib\site-packages\pytest_asyncio\plugin.py:769: DeprecationWarning: The event_loop fixture provided by pytest-asyncio has been redefined in
  C:\dev\guild_queue_bot\tests\conftest.py:11
  Replacing the event_loop fixture with a custom implementation is deprecated
  and will lead to errors in the future.
  If you want to request an asyncio event loop with a scope other than function
  scope, use the "scope" argument to the asyncio mark when marking the tests.
  If you want to return different types of event loops, use the event_loop_policy
  fixture.
  
    warnings.warn(

-- Docs: https://docs.pytest.org/en/stable/how-to/capture-warnings.html

---------- coverage: platform win32, python 3.9.13-final-0 -----------
Name                       Stmts   Miss  Cover   Missing
--------------------------------------------------------
logic\ai_helper.py           139     90    35%   15-20, 23-24, 37, 59-111, 117-180, 184-195, 201-211, 223, 233, 243-244, 256-262
logic\analytics.py            64     64     0%   1-139
logic\chat_logger.py          30     25    17%   8-25, 32-55, 61-69
logic\dashboard.py           189    189     0%   1-358
logic\google_drive.py         56     56     0%   1-78
logic\helpers.py              16     16     0%   1-33
logic\log_importer.py         85     85     0%   1-148
logic\party_manager.py        78     78     0%   1-178
logic\player_manager.py      145    145     0%   1-287
logic\queue_manager.py        26     26     0%   1-54
logic\queue_ops.py            31     31     0%   1-76
logic\reward_ops.py           32     32     0%   1-84
routers\__init__.py            0      0   100%
routers\admin_browser.py     219    219     0%   1-321
routers\api.py               414    414     0%   2-727
routers\api_dashboard.py     165    165     0%   1-256
routers\auth.py              114    114     0%   1-194
routers\observer.py          100    100     0%   1-246
routers\views.py             292    292     0%   1-529
--------------------------------------------------------
TOTAL                       2195   2141     2%

=========================== short test summary info ===========================
FAILED tests/test_ai_features.py::test_cmd_summary - AttributeError: Mock obj...
FAILED tests/test_ai_features.py::test_add_topic_flow - AttributeError: Mock ...
=================== 2 failed, 2 passed, 1 warning in 11.26s ===================
